Analysis & Synthesis report for keccak_performance
Mon Sep 14 21:59:19 2026
Quartus Prime Version 25.1std.0 Build 1129 10/21/2025 SC Lite Edition


---------------------
; Table of Contents ;
---------------------
  1. Legal Notice
  2. Analysis & Synthesis Summary
  3. Analysis & Synthesis Settings
  4. Parallel Compilation
  5. Analysis & Synthesis Source Files Read
  6. Analysis & Synthesis Resource Usage Summary
  7. Analysis & Synthesis Resource Utilization by Entity
  8. State Machine - |keccak_core|state
  9. Registers Removed During Synthesis
 10. General Register Statistics
 11. Multiplexer Restructuring Statistics (Restructuring Performed)
 12. Port Connectivity Checks: "keccak_output_unit:KOU"
 13. Port Connectivity Checks: "keccak_absorb_unit:KAU"
 14. Port Connectivity Checks: "keccak_param_unit:KPU"
 15. Post-Synthesis Netlist Statistics for Top Partition
 16. Elapsed Time Per Partition
 17. Analysis & Synthesis Messages



----------------
; Legal Notice ;
----------------
Copyright (C) 2025  Altera Corporation. All rights reserved.
Your use of Altera Corporation's design tools, logic functions 
and other software and tools, and any partner logic 
functions, and any output files from any of the foregoing 
(including device programming or simulation files), and any 
associated documentation or information are expressly subject 
to the terms and conditions of the Altera Program License 
Subscription Agreement, the Altera Quartus Prime License Agreement,
the Altera IP License Agreement, or other applicable license
agreement, including, without limitation, that your use is for
the sole purpose of programming logic devices manufactured by
Altera and sold by Altera or its authorized distributors.  Please
refer to the Altera Software License Subscription Agreements 
on the Quartus Prime software download page.



+-----------------------------------------------------------------------------------+
; Analysis & Synthesis Summary                                                      ;
+---------------------------------+-------------------------------------------------+
; Analysis & Synthesis Status     ; Successful - Mon Sep 14 21:59:19 2026           ;
; Quartus Prime Version           ; 25.1std.0 Build 1129 10/21/2025 SC Lite Edition ;
; Revision Name                   ; keccak_performance                              ;
; Top-level Entity Name           ; keccak_core                                     ;
; Family                          ; Cyclone V                                       ;
; Logic utilization (in ALMs)     ; N/A                                             ;
; Total registers                 ; 1673                                            ;
; Total pins                      ; 1                                               ;
; Total virtual pins              ; 174                                             ;
; Total block memory bits         ; 0                                               ;
; Total DSP Blocks                ; 0                                               ;
; Total HSSI RX PCSs              ; 0                                               ;
; Total HSSI PMA RX Deserializers ; 0                                               ;
; Total HSSI TX PCSs              ; 0                                               ;
; Total HSSI PMA TX Serializers   ; 0                                               ;
; Total PLLs                      ; 0                                               ;
; Total DLLs                      ; 0                                               ;
+---------------------------------+-------------------------------------------------+


+---------------------------------------------------------------------------------------------------------------------------+
; Analysis & Synthesis Settings                                                                                             ;
+---------------------------------------------------------------------------------+--------------------+--------------------+
; Option                                                                          ; Setting            ; Default Value      ;
+---------------------------------------------------------------------------------+--------------------+--------------------+
; Device                                                                          ; 5CGXFC7C7F23C8     ;                    ;
; Top-level entity name                                                           ; keccak_core        ; keccak_performance ;
; Family name                                                                     ; Cyclone V          ; Cyclone V          ;
; Maximum processors allowed for parallel compilation                             ; 4                  ;                    ;
; Use smart compilation                                                           ; Off                ; Off                ;
; Enable parallel Assembler and Timing Analyzer during compilation                ; On                 ; On                 ;
; Enable compact report table                                                     ; Off                ; Off                ;
; Restructure Multiplexers                                                        ; Auto               ; Auto               ;
; MLAB Add Timing Constraints For Mixed-Port Feed-Through Mode Setting Don't Care ; Off                ; Off                ;
; Create Debugging Nodes for IP Cores                                             ; Off                ; Off                ;
; Preserve fewer node names                                                       ; On                 ; On                 ;
; Intel FPGA IP Evaluation Mode                                                   ; Enable             ; Enable             ;
; Verilog Version                                                                 ; Verilog_2001       ; Verilog_2001       ;
; VHDL Version                                                                    ; VHDL_1993          ; VHDL_1993          ;
; State Machine Processing                                                        ; Auto               ; Auto               ;
; Safe State Machine                                                              ; Off                ; Off                ;
; Extract Verilog State Machines                                                  ; On                 ; On                 ;
; Extract VHDL State Machines                                                     ; On                 ; On                 ;
; Ignore Verilog initial constructs                                               ; Off                ; Off                ;
; Iteration limit for constant Verilog loops                                      ; 5000               ; 5000               ;
; Iteration limit for non-constant Verilog loops                                  ; 250                ; 250                ;
; Add Pass-Through Logic to Inferred RAMs                                         ; On                 ; On                 ;
; Infer RAMs from Raw Logic                                                       ; On                 ; On                 ;
; Parallel Synthesis                                                              ; On                 ; On                 ;
; DSP Block Balancing                                                             ; Auto               ; Auto               ;
; NOT Gate Push-Back                                                              ; On                 ; On                 ;
; Power-Up Don't Care                                                             ; On                 ; On                 ;
; Remove Redundant Logic Cells                                                    ; Off                ; Off                ;
; Remove Duplicate Registers                                                      ; On                 ; On                 ;
; Ignore CARRY Buffers                                                            ; Off                ; Off                ;
; Ignore CASCADE Buffers                                                          ; Off                ; Off                ;
; Ignore GLOBAL Buffers                                                           ; Off                ; Off                ;
; Ignore ROW GLOBAL Buffers                                                       ; Off                ; Off                ;
; Ignore LCELL Buffers                                                            ; Off                ; Off                ;
; Ignore SOFT Buffers                                                             ; On                 ; On                 ;
; Limit AHDL Integers to 32 Bits                                                  ; Off                ; Off                ;
; Optimization Technique                                                          ; Balanced           ; Balanced           ;
; Carry Chain Length                                                              ; 70                 ; 70                 ;
; Auto Carry Chains                                                               ; On                 ; On                 ;
; Auto Open-Drain Pins                                                            ; On                 ; On                 ;
; Perform WYSIWYG Primitive Resynthesis                                           ; Off                ; Off                ;
; Auto ROM Replacement                                                            ; On                 ; On                 ;
; Auto RAM Replacement                                                            ; On                 ; On                 ;
; Auto DSP Block Replacement                                                      ; On                 ; On                 ;
; Auto Shift Register Replacement                                                 ; Auto               ; Auto               ;
; Allow Shift Register Merging across Hierarchies                                 ; Auto               ; Auto               ;
; Auto Clock Enable Replacement                                                   ; On                 ; On                 ;
; Strict RAM Replacement                                                          ; Off                ; Off                ;
; Allow Synchronous Control Signals                                               ; On                 ; On                 ;
; Force Use of Synchronous Clear Signals                                          ; Off                ; Off                ;
; Auto Resource Sharing                                                           ; Off                ; Off                ;
; Allow Any RAM Size For Recognition                                              ; Off                ; Off                ;
; Allow Any ROM Size For Recognition                                              ; Off                ; Off                ;
; Allow Any Shift Register Size For Recognition                                   ; Off                ; Off                ;
; Use LogicLock Constraints during Resource Balancing                             ; On                 ; On                 ;
; Ignore translate_off and synthesis_off directives                               ; Off                ; Off                ;
; Timing-Driven Synthesis                                                         ; On                 ; On                 ;
; Report Parameter Settings                                                       ; On                 ; On                 ;
; Report Source Assignments                                                       ; On                 ; On                 ;
; Report Connectivity Checks                                                      ; On                 ; On                 ;
; Ignore Maximum Fan-Out Assignments                                              ; Off                ; Off                ;
; Synchronization Register Chain Length                                           ; 3                  ; 3                  ;
; Power Optimization During Synthesis                                             ; Normal compilation ; Normal compilation ;
; HDL message level                                                               ; Level2             ; Level2             ;
; Suppress Register Optimization Related Messages                                 ; Off                ; Off                ;
; Number of Removed Registers Reported in Synthesis Report                        ; 5000               ; 5000               ;
; Number of Swept Nodes Reported in Synthesis Report                              ; 5000               ; 5000               ;
; Number of Inverted Registers Reported in Synthesis Report                       ; 100                ; 100                ;
; Clock MUX Protection                                                            ; On                 ; On                 ;
; Auto Gated Clock Conversion                                                     ; Off                ; Off                ;
; Block Design Naming                                                             ; Auto               ; Auto               ;
; SDC constraint protection                                                       ; Off                ; Off                ;
; Synthesis Effort                                                                ; Auto               ; Auto               ;
; Shift Register Replacement - Allow Asynchronous Clear Signal                    ; On                 ; On                 ;
; Pre-Mapping Resynthesis Optimization                                            ; Off                ; Off                ;
; Analysis & Synthesis Message Level                                              ; Medium             ; Medium             ;
; Disable Register Merging Across Hierarchies                                     ; Auto               ; Auto               ;
; Resource Aware Inference For Block RAM                                          ; On                 ; On                 ;
; Automatic Parallel Synthesis                                                    ; On                 ; On                 ;
; Partial Reconfiguration Bitstream ID                                            ; Off                ; Off                ;
+---------------------------------------------------------------------------------+--------------------+--------------------+


+------------------------------------------+
; Parallel Compilation                     ;
+----------------------------+-------------+
; Processors                 ; Number      ;
+----------------------------+-------------+
; Number detected on machine ; 12          ;
; Maximum allowed            ; 4           ;
;                            ;             ;
; Average used               ; 1.36        ;
; Maximum used               ; 4           ;
;                            ;             ;
; Usage by Processor         ; % Time Used ;
;     Processor 1            ; 100.0%      ;
;     Processor 2            ;  12.5%      ;
;     Processor 3            ;  12.5%      ;
;     Processor 4            ;  10.7%      ;
+----------------------------+-------------+


+------------------------------------------------------------------------------------------------------------------------------------------------------------------------------+
; Analysis & Synthesis Source Files Read                                                                                                                                       ;
+-----------------------------------------------+-----------------+------------------------------+-------------------------------------------------------------------+---------+
; File Name with User-Entered Path              ; Used in Netlist ; File Type                    ; File Name with Absolute Path                                      ; Library ;
+-----------------------------------------------+-----------------+------------------------------+-------------------------------------------------------------------+---------+
; ../../src/keccak_engine/keccak_pkg.sv         ; yes             ; User SystemVerilog HDL File  ; D:/GitHub/dilithium-hp-hw/src/keccak_engine/keccak_pkg.sv         ;         ;
; ../../src/keccak_engine/theta_step.sv         ; yes             ; User SystemVerilog HDL File  ; D:/GitHub/dilithium-hp-hw/src/keccak_engine/theta_step.sv         ;         ;
; ../../src/keccak_engine/rho_step.sv           ; yes             ; User SystemVerilog HDL File  ; D:/GitHub/dilithium-hp-hw/src/keccak_engine/rho_step.sv           ;         ;
; ../../src/keccak_engine/pi_step.sv            ; yes             ; User SystemVerilog HDL File  ; D:/GitHub/dilithium-hp-hw/src/keccak_engine/pi_step.sv            ;         ;
; ../../src/keccak_engine/chi_step.sv           ; yes             ; User SystemVerilog HDL File  ; D:/GitHub/dilithium-hp-hw/src/keccak_engine/chi_step.sv           ;         ;
; ../../src/keccak_engine/iota_step.sv          ; yes             ; User SystemVerilog HDL File  ; D:/GitHub/dilithium-hp-hw/src/keccak_engine/iota_step.sv          ;         ;
; ../../src/keccak_engine/keccak_step_unit.sv   ; yes             ; User SystemVerilog HDL File  ; D:/GitHub/dilithium-hp-hw/src/keccak_engine/keccak_step_unit.sv   ;         ;
; ../../src/keccak_engine/keccak_param_unit.sv  ; yes             ; User SystemVerilog HDL File  ; D:/GitHub/dilithium-hp-hw/src/keccak_engine/keccak_param_unit.sv  ;         ;
; ../../src/keccak_engine/keccak_absorb_unit.sv ; yes             ; User SystemVerilog HDL File  ; D:/GitHub/dilithium-hp-hw/src/keccak_engine/keccak_absorb_unit.sv ;         ;
; ../../src/keccak_engine/keccak_output_unit.sv ; yes             ; User SystemVerilog HDL File  ; D:/GitHub/dilithium-hp-hw/src/keccak_engine/keccak_output_unit.sv ;         ;
; ../../src/keccak_engine/keccak_core.sv        ; yes             ; User SystemVerilog HDL File  ; D:/GitHub/dilithium-hp-hw/src/keccak_engine/keccak_core.sv        ;         ;
+-----------------------------------------------+-----------------+------------------------------+-------------------------------------------------------------------+---------+


+---------------------------------------------------------+
; Analysis & Synthesis Resource Usage Summary             ;
+---------------------------------------------+-----------+
; Resource                                    ; Usage     ;
+---------------------------------------------+-----------+
; Estimate of Logic utilization (ALMs needed) ; 3188      ;
;                                             ;           ;
; Combinational ALUT usage for logic          ; 5099      ;
;     -- 7 input functions                    ; 5         ;
;     -- 6 input functions                    ; 1097      ;
;     -- 5 input functions                    ; 2641      ;
;     -- 4 input functions                    ; 385       ;
;     -- <=3 input functions                  ; 971       ;
;                                             ;           ;
; Dedicated logic registers                   ; 1673      ;
;                                             ;           ;
; Virtual pins                                ; 174       ;
; I/O pins                                    ; 1         ;
;                                             ;           ;
; Total DSP Blocks                            ; 0         ;
;                                             ;           ;
; Maximum fan-out node                        ; clk~input ;
; Maximum fan-out                             ; 1673      ;
; Total fan-out                               ; 30195     ;
; Average fan-out                             ; 4.35      ;
+---------------------------------------------+-----------+


+---------------------------------------------------------------------------------------------------------------------------------------------------------------------------------------------------------------------------------+
; Analysis & Synthesis Resource Utilization by Entity                                                                                                                                                                             ;
+-----------------------------+---------------------+---------------------------+-------------------+------------+------+--------------+------------------------------------------------------+--------------------+--------------+
; Compilation Hierarchy Node  ; Combinational ALUTs ; Dedicated Logic Registers ; Block Memory Bits ; DSP Blocks ; Pins ; Virtual Pins ; Full Hierarchy Name                                  ; Entity Name        ; Library Name ;
+-----------------------------+---------------------+---------------------------+-------------------+------------+------+--------------+------------------------------------------------------+--------------------+--------------+
; |keccak_core                ; 5099 (2842)         ; 1673 (1673)               ; 0                 ; 0          ; 1    ; 174          ; |keccak_core                                         ; keccak_core        ; work         ;
;    |keccak_absorb_unit:KAU| ; 100 (100)           ; 0 (0)                     ; 0                 ; 0          ; 0    ; 0            ; |keccak_core|keccak_absorb_unit:KAU                  ; keccak_absorb_unit ; work         ;
;    |keccak_output_unit:KOU| ; 3 (3)               ; 0 (0)                     ; 0                 ; 0          ; 0    ; 0            ; |keccak_core|keccak_output_unit:KOU                  ; keccak_output_unit ; work         ;
;    |keccak_step_unit:KSU|   ; 2154 (0)            ; 0 (0)                     ; 0                 ; 0          ; 0    ; 0            ; |keccak_core|keccak_step_unit:KSU                    ; keccak_step_unit   ; work         ;
;       |chi_step:u_chi|      ; 993 (993)           ; 0 (0)                     ; 0                 ; 0          ; 0    ; 0            ; |keccak_core|keccak_step_unit:KSU|chi_step:u_chi     ; chi_step           ; work         ;
;       |iota_step:u_iota|    ; 7 (7)               ; 0 (0)                     ; 0                 ; 0          ; 0    ; 0            ; |keccak_core|keccak_step_unit:KSU|iota_step:u_iota   ; iota_step          ; work         ;
;       |theta_step:u_theta|  ; 1154 (1154)         ; 0 (0)                     ; 0                 ; 0          ; 0    ; 0            ; |keccak_core|keccak_step_unit:KSU|theta_step:u_theta ; theta_step         ; work         ;
+-----------------------------+---------------------+---------------------------+-------------------+------------+------+--------------+------------------------------------------------------+--------------------+--------------+
Note: For table entries with two numbers listed, the numbers in parentheses indicate the number of resources of the given type used by the specific entity alone. The numbers listed outside of parentheses indicate the total resources of the given type used by the specific entity and all of its sub-entities in the hierarchy.


Encoding Type:  One-Hot
+---------------------------------------------------------------------------------------------------------------------------------------------+
; State Machine - |keccak_core|state                                                                                                          ;
+----------------------------+---------------------+----------------------------+--------------------+------------------+---------------------+
; Name                       ; state.STATE_PERMUTE ; state.STATE_SUFFIX_PADDING ; state.STATE_ABSORB ; state.STATE_IDLE ; state.STATE_SQUEEZE ;
+----------------------------+---------------------+----------------------------+--------------------+------------------+---------------------+
; state.STATE_IDLE           ; 0                   ; 0                          ; 0                  ; 0                ; 0                   ;
; state.STATE_ABSORB         ; 0                   ; 0                          ; 1                  ; 1                ; 0                   ;
; state.STATE_SUFFIX_PADDING ; 0                   ; 1                          ; 0                  ; 1                ; 0                   ;
; state.STATE_PERMUTE        ; 1                   ; 0                          ; 0                  ; 1                ; 0                   ;
; state.STATE_SQUEEZE        ; 0                   ; 0                          ; 0                  ; 1                ; 1                   ;
+----------------------------+---------------------+----------------------------+--------------------+------------------+---------------------+


+---------------------------------------------------------------------------------+
; Registers Removed During Synthesis                                              ;
+----------------------------------------+----------------------------------------+
; Register name                          ; Reason for Removal                     ;
+----------------------------------------+----------------------------------------+
; suffix[0]                              ; Stuck at VCC due to stuck port data_in ;
; rate[10]                               ; Stuck at VCC due to stuck port data_in ;
; rate[7,9]                              ; Stuck at GND due to stuck port data_in ;
; rate[6]                                ; Stuck at VCC due to stuck port data_in ;
; suffix[5..7]                           ; Stuck at GND due to stuck port data_in ;
; suffix[1..4]                           ; Stuck at VCC due to stuck port data_in ;
; bytes_squeezed[0..2]                   ; Stuck at GND due to stuck port data_in ;
; state~4                                ; Lost fanout                            ;
; state~5                                ; Lost fanout                            ;
; Total Number of Removed Registers = 17 ;                                        ;
+----------------------------------------+----------------------------------------+


+------------------------------------------------------+
; General Register Statistics                          ;
+----------------------------------------------+-------+
; Statistic                                    ; Value ;
+----------------------------------------------+-------+
; Total registers                              ; 1673  ;
; Number of registers using Synchronous Clear  ; 1622  ;
; Number of registers using Synchronous Load   ; 29    ;
; Number of registers using Asynchronous Clear ; 55    ;
; Number of registers using Asynchronous Load  ; 0     ;
; Number of registers using Clock Enable       ; 1660  ;
; Number of registers using Preset             ; 0     ;
+----------------------------------------------+-------+


+---------------------------------------------------------------------------------------------------------------------------------------------------------------------+
; Multiplexer Restructuring Statistics (Restructuring Performed)                                                                                                      ;
+--------------------+-----------+---------------+----------------------+------------------------+------------+-------------------------------------------------------+
; Multiplexer Inputs ; Bus Width ; Baseline Area ; Area if Restructured ; Saving if Restructured ; Registered ; Example Multiplexer Output                            ;
+--------------------+-----------+---------------+----------------------+------------------------+------------+-------------------------------------------------------+
; 4:1                ; 1600 bits ; 3200 LEs      ; 1600 LEs             ; 1600 LEs               ; Yes        ; |keccak_core|state_array[0][3][7]                     ;
; 5:1                ; 64 bits   ; 192 LEs       ; 192 LEs              ; 0 LEs                  ; No         ; |keccak_core|keccak_absorb_unit:KAU|xor_plane[24][46] ;
; 5:1                ; 64 bits   ; 192 LEs       ; 192 LEs              ; 0 LEs                  ; No         ; |keccak_core|keccak_absorb_unit:KAU|xor_plane[23][63] ;
; 5:1                ; 64 bits   ; 192 LEs       ; 192 LEs              ; 0 LEs                  ; No         ; |keccak_core|keccak_absorb_unit:KAU|xor_plane[22][37] ;
; 5:1                ; 64 bits   ; 192 LEs       ; 192 LEs              ; 0 LEs                  ; No         ; |keccak_core|keccak_absorb_unit:KAU|xor_plane[21][56] ;
; 5:1                ; 63 bits   ; 189 LEs       ; 189 LEs              ; 0 LEs                  ; No         ; |keccak_core|keccak_absorb_unit:KAU|xor_plane[20][17] ;
; 5:1                ; 64 bits   ; 192 LEs       ; 192 LEs              ; 0 LEs                  ; No         ; |keccak_core|keccak_absorb_unit:KAU|xor_plane[19][11] ;
; 5:1                ; 64 bits   ; 192 LEs       ; 192 LEs              ; 0 LEs                  ; No         ; |keccak_core|keccak_absorb_unit:KAU|xor_plane[18][48] ;
; 5:1                ; 64 bits   ; 192 LEs       ; 192 LEs              ; 0 LEs                  ; No         ; |keccak_core|keccak_absorb_unit:KAU|xor_plane[17][39] ;
; 5:1                ; 63 bits   ; 189 LEs       ; 189 LEs              ; 0 LEs                  ; No         ; |keccak_core|keccak_absorb_unit:KAU|xor_plane[16][59] ;
; 5:1                ; 64 bits   ; 192 LEs       ; 192 LEs              ; 0 LEs                  ; No         ; |keccak_core|keccak_absorb_unit:KAU|xor_plane[15][32] ;
; 5:1                ; 64 bits   ; 192 LEs       ; 192 LEs              ; 0 LEs                  ; No         ; |keccak_core|keccak_absorb_unit:KAU|xor_plane[14][44] ;
; 5:1                ; 64 bits   ; 192 LEs       ; 192 LEs              ; 0 LEs                  ; No         ; |keccak_core|keccak_absorb_unit:KAU|xor_plane[13][32] ;
; 5:1                ; 64 bits   ; 192 LEs       ; 192 LEs              ; 0 LEs                  ; No         ; |keccak_core|keccak_absorb_unit:KAU|xor_plane[12][23] ;
; 5:1                ; 64 bits   ; 192 LEs       ; 192 LEs              ; 0 LEs                  ; No         ; |keccak_core|keccak_absorb_unit:KAU|xor_plane[11][0]  ;
; 5:1                ; 64 bits   ; 192 LEs       ; 192 LEs              ; 0 LEs                  ; No         ; |keccak_core|keccak_absorb_unit:KAU|xor_plane[10][17] ;
; 5:1                ; 64 bits   ; 192 LEs       ; 192 LEs              ; 0 LEs                  ; No         ; |keccak_core|keccak_absorb_unit:KAU|xor_plane[9][39]  ;
; 5:1                ; 64 bits   ; 192 LEs       ; 192 LEs              ; 0 LEs                  ; No         ; |keccak_core|keccak_absorb_unit:KAU|xor_plane[8][0]   ;
; 5:1                ; 64 bits   ; 192 LEs       ; 192 LEs              ; 0 LEs                  ; No         ; |keccak_core|keccak_absorb_unit:KAU|xor_plane[7][22]  ;
; 5:1                ; 64 bits   ; 192 LEs       ; 192 LEs              ; 0 LEs                  ; No         ; |keccak_core|keccak_absorb_unit:KAU|xor_plane[6][62]  ;
; 5:1                ; 64 bits   ; 192 LEs       ; 192 LEs              ; 0 LEs                  ; No         ; |keccak_core|keccak_absorb_unit:KAU|xor_plane[5][63]  ;
; 5:1                ; 64 bits   ; 192 LEs       ; 192 LEs              ; 0 LEs                  ; No         ; |keccak_core|keccak_absorb_unit:KAU|xor_plane[4][34]  ;
; 5:1                ; 64 bits   ; 192 LEs       ; 192 LEs              ; 0 LEs                  ; No         ; |keccak_core|keccak_absorb_unit:KAU|xor_plane[3][1]   ;
; 5:1                ; 64 bits   ; 192 LEs       ; 192 LEs              ; 0 LEs                  ; No         ; |keccak_core|keccak_absorb_unit:KAU|xor_plane[2][33]  ;
; 5:1                ; 64 bits   ; 192 LEs       ; 192 LEs              ; 0 LEs                  ; No         ; |keccak_core|keccak_absorb_unit:KAU|xor_plane[1][6]   ;
; 5:1                ; 64 bits   ; 192 LEs       ; 192 LEs              ; 0 LEs                  ; No         ; |keccak_core|keccak_absorb_unit:KAU|xor_plane[0][31]  ;
; 3:1                ; 16 bits   ; 32 LEs        ; 0 LEs                ; 32 LEs                 ; Yes        ; |keccak_core|message_bytes_remaining[0]               ;
; 3:1                ; 9 bits    ; 18 LEs        ; 9 LEs                ; 9 LEs                  ; Yes        ; |keccak_core|input_byte_enable[2]                     ;
; 3:1                ; 3 bits    ; 6 LEs         ; 3 LEs                ; 3 LEs                  ; Yes        ; |keccak_core|xof_bytes_remaining[0]                   ;
; 4:1                ; 13 bits   ; 26 LEs        ; 0 LEs                ; 26 LEs                 ; Yes        ; |keccak_core|xof_bytes_remaining[8]                   ;
; 4:1                ; 9 bits    ; 18 LEs        ; 0 LEs                ; 18 LEs                 ; Yes        ; |keccak_core|bytes_absorbed[5]                        ;
; 4:1                ; 5 bits    ; 10 LEs        ; 10 LEs               ; 0 LEs                  ; Yes        ; |keccak_core|bytes_squeezed[3]                        ;
; 5:1                ; 4 bits    ; 12 LEs        ; 8 LEs                ; 4 LEs                  ; Yes        ; |keccak_core|input_bytes_this_word[0]                 ;
; 3:1                ; 4 bits    ; 8 LEs         ; 8 LEs                ; 0 LEs                  ; No         ; |keccak_core|output_bytes_o                           ;
; 3:1                ; 2 bits    ; 4 LEs         ; 4 LEs                ; 0 LEs                  ; No         ; |keccak_core|next_state                               ;
; 3:1                ; 2 bits    ; 4 LEs         ; 4 LEs                ; 0 LEs                  ; No         ; |keccak_core|squeeze_wr_en                            ;
; 33:1               ; 64 bits   ; 1408 LEs      ; 1216 LEs             ; 192 LEs                ; No         ; |keccak_core|output_data_o                            ;
; 4:1                ; 5 bits    ; 10 LEs        ; 10 LEs               ; 0 LEs                  ; Yes        ; |keccak_core|round_idx[4]                             ;
+--------------------+-----------+---------------+----------------------+------------------------+------------+-------------------------------------------------------+


+----------------------------------------------------------------------------------------------------------------------------+
; Port Connectivity Checks: "keccak_output_unit:KOU"                                                                         ;
+------------------+--------+----------+-------------------------------------------------------------------------------------+
; Port             ; Type   ; Severity ; Details                                                                             ;
+------------------+--------+----------+-------------------------------------------------------------------------------------+
; bytes_squeezed_o ; Output ; Info     ; Connected to dangling logic. Logic that only feeds a dangling port will be removed. ;
+------------------+--------+----------+-------------------------------------------------------------------------------------+


+----------------------------------------------------------------------------------------------------------------------------+
; Port Connectivity Checks: "keccak_absorb_unit:KAU"                                                                         ;
+------------------+--------+----------+-------------------------------------------------------------------------------------+
; Port             ; Type   ; Severity ; Details                                                                             ;
+------------------+--------+----------+-------------------------------------------------------------------------------------+
; bytes_absorbed_o ; Output ; Info     ; Connected to dangling logic. Logic that only feeds a dangling port will be removed. ;
+------------------+--------+----------+-------------------------------------------------------------------------------------+


+----------------------------------------------------+
; Port Connectivity Checks: "keccak_param_unit:KPU"  ;
+------------------+-------+----------+--------------+
; Port             ; Type  ; Severity ; Details      ;
+------------------+-------+----------+--------------+
; keccak_mode_i[1] ; Input ; Info     ; Stuck at GND ;
+------------------+-------+----------+--------------+


+-----------------------------------------------------+
; Post-Synthesis Netlist Statistics for Top Partition ;
+-----------------------+-----------------------------+
; Type                  ; Count                       ;
+-----------------------+-----------------------------+
; arriav_ff             ; 1673                        ;
;     CLR               ; 13                          ;
;     ENA               ; 5                           ;
;     ENA CLR           ; 17                          ;
;     ENA CLR SCLR      ; 9                           ;
;     ENA CLR SLD       ; 16                          ;
;     ENA SCLR          ; 1600                        ;
;     ENA SCLR SLD      ; 13                          ;
; arriav_lcell_comb     ; 5100                        ;
;     arith             ; 34                          ;
;         1 data inputs ; 30                          ;
;         2 data inputs ; 4                           ;
;     extend            ; 5                           ;
;         7 data inputs ; 5                           ;
;     normal            ; 5045                        ;
;         1 data inputs ; 2                           ;
;         2 data inputs ; 846                         ;
;         3 data inputs ; 74                          ;
;         4 data inputs ; 385                         ;
;         5 data inputs ; 2641                        ;
;         6 data inputs ; 1097                        ;
;     shared            ; 16                          ;
;         1 data inputs ; 12                          ;
;         2 data inputs ; 4                           ;
; boundary_port         ; 175                         ;
;                       ;                             ;
; Max LUT depth         ; 5.00                        ;
; Average LUT depth     ; 4.33                        ;
+-----------------------+-----------------------------+


+-------------------------------+
; Elapsed Time Per Partition    ;
+----------------+--------------+
; Partition Name ; Elapsed Time ;
+----------------+--------------+
; Top            ; 00:00:19     ;
+----------------+--------------+


+-------------------------------+
; Analysis & Synthesis Messages ;
+-------------------------------+
Info: *******************************************************************
Info: Running Quartus Prime Analysis & Synthesis
    Info: Version 25.1std.0 Build 1129 10/21/2025 SC Lite Edition
    Info: Processing started: Mon Sep 14 21:58:49 2026
Info: Command: quartus_map --read_settings_files=on --write_settings_files=off keccak_performance -c keccak_performance
Info (16303): High Performance Effort optimization mode selected -- timing performance will be prioritized at the potential cost of increased compilation time
Info (20032): Parallel compilation is enabled and will use up to 4 processors
Info (12021): Found 1 design units, including 0 entities, in source file /github/dilithium-hp-hw/src/keccak_engine/keccak_pkg.sv
    Info (12022): Found design unit 1: keccak_pkg (SystemVerilog) File: D:/GitHub/dilithium-hp-hw/src/keccak_engine/keccak_pkg.sv Line: 1
Info (12021): Found 1 design units, including 1 entities, in source file /github/dilithium-hp-hw/src/keccak_engine/theta_step.sv
    Info (12023): Found entity 1: theta_step File: D:/GitHub/dilithium-hp-hw/src/keccak_engine/theta_step.sv Line: 20
Info (12021): Found 1 design units, including 1 entities, in source file /github/dilithium-hp-hw/src/keccak_engine/rho_step.sv
    Info (12023): Found entity 1: rho_step File: D:/GitHub/dilithium-hp-hw/src/keccak_engine/rho_step.sv Line: 20
Info (12021): Found 1 design units, including 1 entities, in source file /github/dilithium-hp-hw/src/keccak_engine/pi_step.sv
    Info (12023): Found entity 1: pi_step File: D:/GitHub/dilithium-hp-hw/src/keccak_engine/pi_step.sv Line: 20
Info (12021): Found 1 design units, including 1 entities, in source file /github/dilithium-hp-hw/src/keccak_engine/chi_step.sv
    Info (12023): Found entity 1: chi_step File: D:/GitHub/dilithium-hp-hw/src/keccak_engine/chi_step.sv Line: 18
Info (12021): Found 1 design units, including 1 entities, in source file /github/dilithium-hp-hw/src/keccak_engine/iota_step.sv
    Info (12023): Found entity 1: iota_step File: D:/GitHub/dilithium-hp-hw/src/keccak_engine/iota_step.sv Line: 19
Info (12021): Found 1 design units, including 1 entities, in source file /github/dilithium-hp-hw/src/keccak_engine/keccak_step_unit.sv
    Info (12023): Found entity 1: keccak_step_unit File: D:/GitHub/dilithium-hp-hw/src/keccak_engine/keccak_step_unit.sv Line: 14
Info (12021): Found 1 design units, including 1 entities, in source file /github/dilithium-hp-hw/src/keccak_engine/keccak_param_unit.sv
    Info (12023): Found entity 1: keccak_param_unit File: D:/GitHub/dilithium-hp-hw/src/keccak_engine/keccak_param_unit.sv Line: 20
Info (12021): Found 1 design units, including 1 entities, in source file /github/dilithium-hp-hw/src/keccak_engine/keccak_absorb_unit.sv
    Info (12023): Found entity 1: keccak_absorb_unit File: D:/GitHub/dilithium-hp-hw/src/keccak_engine/keccak_absorb_unit.sv Line: 21
Info (12021): Found 1 design units, including 1 entities, in source file /github/dilithium-hp-hw/src/keccak_engine/keccak_output_unit.sv
    Info (12023): Found entity 1: keccak_output_unit File: D:/GitHub/dilithium-hp-hw/src/keccak_engine/keccak_output_unit.sv Line: 20
Info (12021): Found 1 design units, including 1 entities, in source file /github/dilithium-hp-hw/src/keccak_engine/keccak_core.sv
    Info (12023): Found entity 1: keccak_core File: D:/GitHub/dilithium-hp-hw/src/keccak_engine/keccak_core.sv Line: 35
Info (12127): Elaborating entity "keccak_core" for the top level hierarchy
Info (10008): Verilog HDL or VHDL information: EDA Netlist Writer cannot regroup multidimensional array "state_array" into its bus
Info (10008): Verilog HDL or VHDL information: EDA Netlist Writer cannot regroup multidimensional array "KSU_STATE_ARRAY_I" into its bus
Info (10008): Verilog HDL or VHDL information: EDA Netlist Writer cannot regroup multidimensional array "KSU_STATE_ARRAY_O" into its bus
Info (10008): Verilog HDL or VHDL information: EDA Netlist Writer cannot regroup multidimensional array "KAU_STATE_ARRAY_I" into its bus
Info (10008): Verilog HDL or VHDL information: EDA Netlist Writer cannot regroup multidimensional array "KAU_STATE_ARRAY_O" into its bus
Info (10008): Verilog HDL or VHDL information: EDA Netlist Writer cannot regroup multidimensional array "KOU_STATE_ARRAY_I" into its bus
Info (12128): Elaborating entity "keccak_param_unit" for hierarchy "keccak_param_unit:KPU" File: D:/GitHub/dilithium-hp-hw/src/keccak_engine/keccak_core.sv Line: 231
Info (12128): Elaborating entity "keccak_step_unit" for hierarchy "keccak_step_unit:KSU" File: D:/GitHub/dilithium-hp-hw/src/keccak_engine/keccak_core.sv Line: 242
Info (10008): Verilog HDL or VHDL information: EDA Netlist Writer cannot regroup multidimensional array "state_array_i" into its bus
Info (10008): Verilog HDL or VHDL information: EDA Netlist Writer cannot regroup multidimensional array "state_array_o" into its bus
Info (10008): Verilog HDL or VHDL information: EDA Netlist Writer cannot regroup multidimensional array "theta_out" into its bus
Info (10008): Verilog HDL or VHDL information: EDA Netlist Writer cannot regroup multidimensional array "rho_out" into its bus
Info (10008): Verilog HDL or VHDL information: EDA Netlist Writer cannot regroup multidimensional array "pi_out" into its bus
Info (10008): Verilog HDL or VHDL information: EDA Netlist Writer cannot regroup multidimensional array "chi_out" into its bus
Info (10008): Verilog HDL or VHDL information: EDA Netlist Writer cannot regroup multidimensional array "iota_out" into its bus
Info (10008): Verilog HDL or VHDL information: EDA Netlist Writer cannot regroup multidimensional array "state_array_i" into its bus
Info (10008): Verilog HDL or VHDL information: EDA Netlist Writer cannot regroup multidimensional array "state_array_o" into its bus
Info (12128): Elaborating entity "theta_step" for hierarchy "keccak_step_unit:KSU|theta_step:u_theta" File: D:/GitHub/dilithium-hp-hw/src/keccak_engine/keccak_step_unit.sv Line: 25
Info (10008): Verilog HDL or VHDL information: EDA Netlist Writer cannot regroup multidimensional array "state_array_i" into its bus
Info (10008): Verilog HDL or VHDL information: EDA Netlist Writer cannot regroup multidimensional array "state_array_o" into its bus
Info (10008): Verilog HDL or VHDL information: EDA Netlist Writer cannot regroup multidimensional array "state_array_i" into its bus
Info (10008): Verilog HDL or VHDL information: EDA Netlist Writer cannot regroup multidimensional array "state_array_o" into its bus
Info (12128): Elaborating entity "rho_step" for hierarchy "keccak_step_unit:KSU|rho_step:u_rho" File: D:/GitHub/dilithium-hp-hw/src/keccak_engine/keccak_step_unit.sv Line: 26
Info (10008): Verilog HDL or VHDL information: EDA Netlist Writer cannot regroup multidimensional array "state_array_i" into its bus
Info (10008): Verilog HDL or VHDL information: EDA Netlist Writer cannot regroup multidimensional array "state_array_o" into its bus
Info (10008): Verilog HDL or VHDL information: EDA Netlist Writer cannot regroup multidimensional array "state_array_i" into its bus
Info (10008): Verilog HDL or VHDL information: EDA Netlist Writer cannot regroup multidimensional array "state_array_o" into its bus
Info (12128): Elaborating entity "pi_step" for hierarchy "keccak_step_unit:KSU|pi_step:u_pi" File: D:/GitHub/dilithium-hp-hw/src/keccak_engine/keccak_step_unit.sv Line: 27
Info (10008): Verilog HDL or VHDL information: EDA Netlist Writer cannot regroup multidimensional array "state_array_i" into its bus
Info (10008): Verilog HDL or VHDL information: EDA Netlist Writer cannot regroup multidimensional array "state_array_o" into its bus
Info (10008): Verilog HDL or VHDL information: EDA Netlist Writer cannot regroup multidimensional array "permuted" into its bus
Info (10008): Verilog HDL or VHDL information: EDA Netlist Writer cannot regroup multidimensional array "state_array_i" into its bus
Info (10008): Verilog HDL or VHDL information: EDA Netlist Writer cannot regroup multidimensional array "state_array_o" into its bus
Info (12128): Elaborating entity "chi_step" for hierarchy "keccak_step_unit:KSU|chi_step:u_chi" File: D:/GitHub/dilithium-hp-hw/src/keccak_engine/keccak_step_unit.sv Line: 28
Info (10008): Verilog HDL or VHDL information: EDA Netlist Writer cannot regroup multidimensional array "state_array_i" into its bus
Info (10008): Verilog HDL or VHDL information: EDA Netlist Writer cannot regroup multidimensional array "state_array_o" into its bus
Info (10008): Verilog HDL or VHDL information: EDA Netlist Writer cannot regroup multidimensional array "state_array_i" into its bus
Info (10008): Verilog HDL or VHDL information: EDA Netlist Writer cannot regroup multidimensional array "state_array_o" into its bus
Info (12128): Elaborating entity "iota_step" for hierarchy "keccak_step_unit:KSU|iota_step:u_iota" File: D:/GitHub/dilithium-hp-hw/src/keccak_engine/keccak_step_unit.sv Line: 31
Info (10008): Verilog HDL or VHDL information: EDA Netlist Writer cannot regroup multidimensional array "state_array_i" into its bus
Info (10008): Verilog HDL or VHDL information: EDA Netlist Writer cannot regroup multidimensional array "state_array_o" into its bus
Info (10008): Verilog HDL or VHDL information: EDA Netlist Writer cannot regroup multidimensional array "state_array_i" into its bus
Info (10008): Verilog HDL or VHDL information: EDA Netlist Writer cannot regroup multidimensional array "state_array_o" into its bus
Info (12128): Elaborating entity "keccak_absorb_unit" for hierarchy "keccak_absorb_unit:KAU" File: D:/GitHub/dilithium-hp-hw/src/keccak_engine/keccak_core.sv Line: 260
Info (10008): Verilog HDL or VHDL information: EDA Netlist Writer cannot regroup multidimensional array "state_array_i" into its bus
Info (10008): Verilog HDL or VHDL information: EDA Netlist Writer cannot regroup multidimensional array "state_array_o" into its bus
Info (10008): Verilog HDL or VHDL information: EDA Netlist Writer cannot regroup multidimensional array "state_array_i" into its bus
Info (10008): Verilog HDL or VHDL information: EDA Netlist Writer cannot regroup multidimensional array "state_array_o" into its bus
Info (12128): Elaborating entity "keccak_output_unit" for hierarchy "keccak_output_unit:KOU" File: D:/GitHub/dilithium-hp-hw/src/keccak_engine/keccak_core.sv Line: 287
Info (10008): Verilog HDL or VHDL information: EDA Netlist Writer cannot regroup multidimensional array "state_array_i" into its bus
Info (10008): Verilog HDL or VHDL information: EDA Netlist Writer cannot regroup multidimensional array "state_array_i" into its bus
Info (286030): Timing-Driven Synthesis is running
Info (17049): 2 registers lost all their fanouts during netlist optimizations.
Info (16010): Generating hard_block partition "hard_block:auto_generated_inst"
    Info (16011): Adding 0 node(s), including 0 DDIO, 0 PLL, 0 transceiver and 0 LCELL
Info (15717): Design contains 174 virtual pins; timing numbers associated with paths containing virtual pins are estimates
    Info (15719): Pin "done_o" is virtual output pin File: D:/GitHub/dilithium-hp-hw/src/keccak_engine/keccak_core.sv Line: 45
    Info (15719): Pin "output_valid_o" is virtual output pin File: D:/GitHub/dilithium-hp-hw/src/keccak_engine/keccak_core.sv Line: 52
    Info (15719): Pin "output_bytes_o[2]" is virtual output pin File: D:/GitHub/dilithium-hp-hw/src/keccak_engine/keccak_core.sv Line: 53
    Info (15719): Pin "output_bytes_o[3]" is virtual output pin File: D:/GitHub/dilithium-hp-hw/src/keccak_engine/keccak_core.sv Line: 53
    Info (15719): Pin "busy_o" is virtual output pin File: D:/GitHub/dilithium-hp-hw/src/keccak_engine/keccak_core.sv Line: 44
    Info (15719): Pin "input_ready_o" is virtual output pin File: D:/GitHub/dilithium-hp-hw/src/keccak_engine/keccak_core.sv Line: 49
    Info (15719): Pin "output_data_o[0]" is virtual output pin File: D:/GitHub/dilithium-hp-hw/src/keccak_engine/keccak_core.sv Line: 51
    Info (15719): Pin "output_data_o[1]" is virtual output pin File: D:/GitHub/dilithium-hp-hw/src/keccak_engine/keccak_core.sv Line: 51
    Info (15719): Pin "output_data_o[2]" is virtual output pin File: D:/GitHub/dilithium-hp-hw/src/keccak_engine/keccak_core.sv Line: 51
    Info (15719): Pin "output_data_o[3]" is virtual output pin File: D:/GitHub/dilithium-hp-hw/src/keccak_engine/keccak_core.sv Line: 51
    Info (15719): Pin "output_data_o[4]" is virtual output pin File: D:/GitHub/dilithium-hp-hw/src/keccak_engine/keccak_core.sv Line: 51
    Info (15719): Pin "output_data_o[5]" is virtual output pin File: D:/GitHub/dilithium-hp-hw/src/keccak_engine/keccak_core.sv Line: 51
    Info (15719): Pin "output_data_o[6]" is virtual output pin File: D:/GitHub/dilithium-hp-hw/src/keccak_engine/keccak_core.sv Line: 51
    Info (15719): Pin "output_data_o[7]" is virtual output pin File: D:/GitHub/dilithium-hp-hw/src/keccak_engine/keccak_core.sv Line: 51
    Info (15719): Pin "output_data_o[8]" is virtual output pin File: D:/GitHub/dilithium-hp-hw/src/keccak_engine/keccak_core.sv Line: 51
    Info (15719): Pin "output_data_o[9]" is virtual output pin File: D:/GitHub/dilithium-hp-hw/src/keccak_engine/keccak_core.sv Line: 51
    Info (15719): Pin "output_data_o[10]" is virtual output pin File: D:/GitHub/dilithium-hp-hw/src/keccak_engine/keccak_core.sv Line: 51
    Info (15719): Pin "output_data_o[11]" is virtual output pin File: D:/GitHub/dilithium-hp-hw/src/keccak_engine/keccak_core.sv Line: 51
    Info (15719): Pin "output_data_o[12]" is virtual output pin File: D:/GitHub/dilithium-hp-hw/src/keccak_engine/keccak_core.sv Line: 51
    Info (15719): Pin "output_data_o[13]" is virtual output pin File: D:/GitHub/dilithium-hp-hw/src/keccak_engine/keccak_core.sv Line: 51
    Info (15719): Pin "output_data_o[14]" is virtual output pin File: D:/GitHub/dilithium-hp-hw/src/keccak_engine/keccak_core.sv Line: 51
    Info (15719): Pin "output_data_o[15]" is virtual output pin File: D:/GitHub/dilithium-hp-hw/src/keccak_engine/keccak_core.sv Line: 51
    Info (15719): Pin "output_data_o[16]" is virtual output pin File: D:/GitHub/dilithium-hp-hw/src/keccak_engine/keccak_core.sv Line: 51
    Info (15719): Pin "output_data_o[17]" is virtual output pin File: D:/GitHub/dilithium-hp-hw/src/keccak_engine/keccak_core.sv Line: 51
    Info (15719): Pin "output_data_o[18]" is virtual output pin File: D:/GitHub/dilithium-hp-hw/src/keccak_engine/keccak_core.sv Line: 51
    Info (15719): Pin "output_data_o[19]" is virtual output pin File: D:/GitHub/dilithium-hp-hw/src/keccak_engine/keccak_core.sv Line: 51
    Info (15719): Pin "output_data_o[20]" is virtual output pin File: D:/GitHub/dilithium-hp-hw/src/keccak_engine/keccak_core.sv Line: 51
    Info (15719): Pin "output_data_o[21]" is virtual output pin File: D:/GitHub/dilithium-hp-hw/src/keccak_engine/keccak_core.sv Line: 51
    Info (15719): Pin "output_data_o[22]" is virtual output pin File: D:/GitHub/dilithium-hp-hw/src/keccak_engine/keccak_core.sv Line: 51
    Info (15719): Pin "output_data_o[23]" is virtual output pin File: D:/GitHub/dilithium-hp-hw/src/keccak_engine/keccak_core.sv Line: 51
    Info (15719): Pin "output_data_o[24]" is virtual output pin File: D:/GitHub/dilithium-hp-hw/src/keccak_engine/keccak_core.sv Line: 51
    Info (15719): Pin "output_data_o[25]" is virtual output pin File: D:/GitHub/dilithium-hp-hw/src/keccak_engine/keccak_core.sv Line: 51
    Info (15719): Pin "output_data_o[26]" is virtual output pin File: D:/GitHub/dilithium-hp-hw/src/keccak_engine/keccak_core.sv Line: 51
    Info (15719): Pin "output_data_o[27]" is virtual output pin File: D:/GitHub/dilithium-hp-hw/src/keccak_engine/keccak_core.sv Line: 51
    Info (15719): Pin "output_data_o[28]" is virtual output pin File: D:/GitHub/dilithium-hp-hw/src/keccak_engine/keccak_core.sv Line: 51
    Info (15719): Pin "output_data_o[29]" is virtual output pin File: D:/GitHub/dilithium-hp-hw/src/keccak_engine/keccak_core.sv Line: 51
    Info (15719): Pin "output_data_o[30]" is virtual output pin File: D:/GitHub/dilithium-hp-hw/src/keccak_engine/keccak_core.sv Line: 51
    Info (15719): Pin "output_data_o[31]" is virtual output pin File: D:/GitHub/dilithium-hp-hw/src/keccak_engine/keccak_core.sv Line: 51
    Info (15719): Pin "output_data_o[32]" is virtual output pin File: D:/GitHub/dilithium-hp-hw/src/keccak_engine/keccak_core.sv Line: 51
    Info (15719): Pin "output_data_o[33]" is virtual output pin File: D:/GitHub/dilithium-hp-hw/src/keccak_engine/keccak_core.sv Line: 51
    Info (15719): Pin "output_data_o[34]" is virtual output pin File: D:/GitHub/dilithium-hp-hw/src/keccak_engine/keccak_core.sv Line: 51
    Info (15719): Pin "output_data_o[35]" is virtual output pin File: D:/GitHub/dilithium-hp-hw/src/keccak_engine/keccak_core.sv Line: 51
    Info (15719): Pin "output_data_o[36]" is virtual output pin File: D:/GitHub/dilithium-hp-hw/src/keccak_engine/keccak_core.sv Line: 51
    Info (15719): Pin "output_data_o[37]" is virtual output pin File: D:/GitHub/dilithium-hp-hw/src/keccak_engine/keccak_core.sv Line: 51
    Info (15719): Pin "output_data_o[38]" is virtual output pin File: D:/GitHub/dilithium-hp-hw/src/keccak_engine/keccak_core.sv Line: 51
    Info (15719): Pin "output_data_o[39]" is virtual output pin File: D:/GitHub/dilithium-hp-hw/src/keccak_engine/keccak_core.sv Line: 51
    Info (15719): Pin "output_data_o[40]" is virtual output pin File: D:/GitHub/dilithium-hp-hw/src/keccak_engine/keccak_core.sv Line: 51
    Info (15719): Pin "output_data_o[41]" is virtual output pin File: D:/GitHub/dilithium-hp-hw/src/keccak_engine/keccak_core.sv Line: 51
    Info (15719): Pin "output_data_o[42]" is virtual output pin File: D:/GitHub/dilithium-hp-hw/src/keccak_engine/keccak_core.sv Line: 51
    Info (15719): Pin "output_data_o[43]" is virtual output pin File: D:/GitHub/dilithium-hp-hw/src/keccak_engine/keccak_core.sv Line: 51
    Info (15719): Pin "output_data_o[44]" is virtual output pin File: D:/GitHub/dilithium-hp-hw/src/keccak_engine/keccak_core.sv Line: 51
    Info (15719): Pin "output_data_o[45]" is virtual output pin File: D:/GitHub/dilithium-hp-hw/src/keccak_engine/keccak_core.sv Line: 51
    Info (15719): Pin "output_data_o[46]" is virtual output pin File: D:/GitHub/dilithium-hp-hw/src/keccak_engine/keccak_core.sv Line: 51
    Info (15719): Pin "output_data_o[47]" is virtual output pin File: D:/GitHub/dilithium-hp-hw/src/keccak_engine/keccak_core.sv Line: 51
    Info (15719): Pin "output_data_o[48]" is virtual output pin File: D:/GitHub/dilithium-hp-hw/src/keccak_engine/keccak_core.sv Line: 51
    Info (15719): Pin "output_data_o[49]" is virtual output pin File: D:/GitHub/dilithium-hp-hw/src/keccak_engine/keccak_core.sv Line: 51
    Info (15719): Pin "output_data_o[50]" is virtual output pin File: D:/GitHub/dilithium-hp-hw/src/keccak_engine/keccak_core.sv Line: 51
    Info (15719): Pin "output_data_o[51]" is virtual output pin File: D:/GitHub/dilithium-hp-hw/src/keccak_engine/keccak_core.sv Line: 51
    Info (15719): Pin "output_data_o[52]" is virtual output pin File: D:/GitHub/dilithium-hp-hw/src/keccak_engine/keccak_core.sv Line: 51
    Info (15719): Pin "output_data_o[53]" is virtual output pin File: D:/GitHub/dilithium-hp-hw/src/keccak_engine/keccak_core.sv Line: 51
    Info (15719): Pin "output_data_o[54]" is virtual output pin File: D:/GitHub/dilithium-hp-hw/src/keccak_engine/keccak_core.sv Line: 51
    Info (15719): Pin "output_data_o[55]" is virtual output pin File: D:/GitHub/dilithium-hp-hw/src/keccak_engine/keccak_core.sv Line: 51
    Info (15719): Pin "output_data_o[56]" is virtual output pin File: D:/GitHub/dilithium-hp-hw/src/keccak_engine/keccak_core.sv Line: 51
    Info (15719): Pin "output_data_o[57]" is virtual output pin File: D:/GitHub/dilithium-hp-hw/src/keccak_engine/keccak_core.sv Line: 51
    Info (15719): Pin "output_data_o[58]" is virtual output pin File: D:/GitHub/dilithium-hp-hw/src/keccak_engine/keccak_core.sv Line: 51
    Info (15719): Pin "output_data_o[59]" is virtual output pin File: D:/GitHub/dilithium-hp-hw/src/keccak_engine/keccak_core.sv Line: 51
    Info (15719): Pin "output_data_o[60]" is virtual output pin File: D:/GitHub/dilithium-hp-hw/src/keccak_engine/keccak_core.sv Line: 51
    Info (15719): Pin "output_data_o[61]" is virtual output pin File: D:/GitHub/dilithium-hp-hw/src/keccak_engine/keccak_core.sv Line: 51
    Info (15719): Pin "output_data_o[62]" is virtual output pin File: D:/GitHub/dilithium-hp-hw/src/keccak_engine/keccak_core.sv Line: 51
    Info (15719): Pin "output_data_o[63]" is virtual output pin File: D:/GitHub/dilithium-hp-hw/src/keccak_engine/keccak_core.sv Line: 51
    Info (15719): Pin "output_bytes_o[0]" is virtual output pin File: D:/GitHub/dilithium-hp-hw/src/keccak_engine/keccak_core.sv Line: 53
    Info (15719): Pin "output_bytes_o[1]" is virtual output pin File: D:/GitHub/dilithium-hp-hw/src/keccak_engine/keccak_core.sv Line: 53
    Info (15718): Pin "stop_i" is virtual input pin File: D:/GitHub/dilithium-hp-hw/src/keccak_engine/keccak_core.sv Line: 43
    Info (15718): Pin "output_ready_i" is virtual input pin File: D:/GitHub/dilithium-hp-hw/src/keccak_engine/keccak_core.sv Line: 55
    Info (15718): Pin "output_len_i[3]" is virtual input pin File: D:/GitHub/dilithium-hp-hw/src/keccak_engine/keccak_core.sv Line: 42
    Info (15718): Pin "start_i" is virtual input pin File: D:/GitHub/dilithium-hp-hw/src/keccak_engine/keccak_core.sv Line: 39
    Info (15718): Pin "rst" is virtual input pin File: D:/GitHub/dilithium-hp-hw/src/keccak_engine/keccak_core.sv Line: 37
    Info (15718): Pin "output_len_i[2]" is virtual input pin File: D:/GitHub/dilithium-hp-hw/src/keccak_engine/keccak_core.sv Line: 42
    Info (15718): Pin "output_len_i[1]" is virtual input pin File: D:/GitHub/dilithium-hp-hw/src/keccak_engine/keccak_core.sv Line: 42
    Info (15718): Pin "output_len_i[0]" is virtual input pin File: D:/GitHub/dilithium-hp-hw/src/keccak_engine/keccak_core.sv Line: 42
    Info (15718): Pin "output_len_i[14]" is virtual input pin File: D:/GitHub/dilithium-hp-hw/src/keccak_engine/keccak_core.sv Line: 42
    Info (15718): Pin "output_len_i[8]" is virtual input pin File: D:/GitHub/dilithium-hp-hw/src/keccak_engine/keccak_core.sv Line: 42
    Info (15718): Pin "output_len_i[4]" is virtual input pin File: D:/GitHub/dilithium-hp-hw/src/keccak_engine/keccak_core.sv Line: 42
    Info (15718): Pin "output_len_i[5]" is virtual input pin File: D:/GitHub/dilithium-hp-hw/src/keccak_engine/keccak_core.sv Line: 42
    Info (15718): Pin "output_len_i[6]" is virtual input pin File: D:/GitHub/dilithium-hp-hw/src/keccak_engine/keccak_core.sv Line: 42
    Info (15718): Pin "output_len_i[7]" is virtual input pin File: D:/GitHub/dilithium-hp-hw/src/keccak_engine/keccak_core.sv Line: 42
    Info (15718): Pin "output_len_i[11]" is virtual input pin File: D:/GitHub/dilithium-hp-hw/src/keccak_engine/keccak_core.sv Line: 42
    Info (15718): Pin "output_len_i[9]" is virtual input pin File: D:/GitHub/dilithium-hp-hw/src/keccak_engine/keccak_core.sv Line: 42
    Info (15718): Pin "output_len_i[10]" is virtual input pin File: D:/GitHub/dilithium-hp-hw/src/keccak_engine/keccak_core.sv Line: 42
    Info (15718): Pin "output_len_i[15]" is virtual input pin File: D:/GitHub/dilithium-hp-hw/src/keccak_engine/keccak_core.sv Line: 42
    Info (15718): Pin "output_len_i[12]" is virtual input pin File: D:/GitHub/dilithium-hp-hw/src/keccak_engine/keccak_core.sv Line: 42
    Info (15718): Pin "output_len_i[13]" is virtual input pin File: D:/GitHub/dilithium-hp-hw/src/keccak_engine/keccak_core.sv Line: 42
    Info (15718): Pin "input_valid_i" is virtual input pin File: D:/GitHub/dilithium-hp-hw/src/keccak_engine/keccak_core.sv Line: 48
    Info (15718): Pin "message_len_i[3]" is virtual input pin File: D:/GitHub/dilithium-hp-hw/src/keccak_engine/keccak_core.sv Line: 41
    Info (15718): Pin "message_len_i[9]" is virtual input pin File: D:/GitHub/dilithium-hp-hw/src/keccak_engine/keccak_core.sv Line: 41
    Info (15718): Pin "message_len_i[8]" is virtual input pin File: D:/GitHub/dilithium-hp-hw/src/keccak_engine/keccak_core.sv Line: 41
    Info (15718): Pin "message_len_i[7]" is virtual input pin File: D:/GitHub/dilithium-hp-hw/src/keccak_engine/keccak_core.sv Line: 41
    Info (15718): Pin "message_len_i[6]" is virtual input pin File: D:/GitHub/dilithium-hp-hw/src/keccak_engine/keccak_core.sv Line: 41
    Info (15718): Pin "message_len_i[4]" is virtual input pin File: D:/GitHub/dilithium-hp-hw/src/keccak_engine/keccak_core.sv Line: 41
    Info (15718): Pin "message_len_i[5]" is virtual input pin File: D:/GitHub/dilithium-hp-hw/src/keccak_engine/keccak_core.sv Line: 41
    Info (15718): Pin "message_len_i[15]" is virtual input pin File: D:/GitHub/dilithium-hp-hw/src/keccak_engine/keccak_core.sv Line: 41
    Info (15718): Pin "message_len_i[14]" is virtual input pin File: D:/GitHub/dilithium-hp-hw/src/keccak_engine/keccak_core.sv Line: 41
    Info (15718): Pin "message_len_i[13]" is virtual input pin File: D:/GitHub/dilithium-hp-hw/src/keccak_engine/keccak_core.sv Line: 41
    Info (15718): Pin "message_len_i[12]" is virtual input pin File: D:/GitHub/dilithium-hp-hw/src/keccak_engine/keccak_core.sv Line: 41
    Info (15718): Pin "message_len_i[10]" is virtual input pin File: D:/GitHub/dilithium-hp-hw/src/keccak_engine/keccak_core.sv Line: 41
    Info (15718): Pin "message_len_i[11]" is virtual input pin File: D:/GitHub/dilithium-hp-hw/src/keccak_engine/keccak_core.sv Line: 41
    Info (15718): Pin "message_len_i[2]" is virtual input pin File: D:/GitHub/dilithium-hp-hw/src/keccak_engine/keccak_core.sv Line: 41
    Info (15718): Pin "message_len_i[0]" is virtual input pin File: D:/GitHub/dilithium-hp-hw/src/keccak_engine/keccak_core.sv Line: 41
    Info (15718): Pin "message_len_i[1]" is virtual input pin File: D:/GitHub/dilithium-hp-hw/src/keccak_engine/keccak_core.sv Line: 41
    Info (15718): Pin "input_data_i[0]" is virtual input pin File: D:/GitHub/dilithium-hp-hw/src/keccak_engine/keccak_core.sv Line: 47
    Info (15718): Pin "input_data_i[1]" is virtual input pin File: D:/GitHub/dilithium-hp-hw/src/keccak_engine/keccak_core.sv Line: 47
    Info (15718): Pin "input_data_i[2]" is virtual input pin File: D:/GitHub/dilithium-hp-hw/src/keccak_engine/keccak_core.sv Line: 47
    Info (15718): Pin "input_data_i[3]" is virtual input pin File: D:/GitHub/dilithium-hp-hw/src/keccak_engine/keccak_core.sv Line: 47
    Info (15718): Pin "input_data_i[4]" is virtual input pin File: D:/GitHub/dilithium-hp-hw/src/keccak_engine/keccak_core.sv Line: 47
    Info (15718): Pin "input_data_i[5]" is virtual input pin File: D:/GitHub/dilithium-hp-hw/src/keccak_engine/keccak_core.sv Line: 47
    Info (15718): Pin "input_data_i[6]" is virtual input pin File: D:/GitHub/dilithium-hp-hw/src/keccak_engine/keccak_core.sv Line: 47
    Info (15718): Pin "input_data_i[7]" is virtual input pin File: D:/GitHub/dilithium-hp-hw/src/keccak_engine/keccak_core.sv Line: 47
    Info (15718): Pin "input_data_i[8]" is virtual input pin File: D:/GitHub/dilithium-hp-hw/src/keccak_engine/keccak_core.sv Line: 47
    Info (15718): Pin "input_data_i[9]" is virtual input pin File: D:/GitHub/dilithium-hp-hw/src/keccak_engine/keccak_core.sv Line: 47
    Info (15718): Pin "input_data_i[10]" is virtual input pin File: D:/GitHub/dilithium-hp-hw/src/keccak_engine/keccak_core.sv Line: 47
    Info (15718): Pin "input_data_i[11]" is virtual input pin File: D:/GitHub/dilithium-hp-hw/src/keccak_engine/keccak_core.sv Line: 47
    Info (15718): Pin "input_data_i[12]" is virtual input pin File: D:/GitHub/dilithium-hp-hw/src/keccak_engine/keccak_core.sv Line: 47
    Info (15718): Pin "input_data_i[13]" is virtual input pin File: D:/GitHub/dilithium-hp-hw/src/keccak_engine/keccak_core.sv Line: 47
    Info (15718): Pin "input_data_i[14]" is virtual input pin File: D:/GitHub/dilithium-hp-hw/src/keccak_engine/keccak_core.sv Line: 47
    Info (15718): Pin "input_data_i[15]" is virtual input pin File: D:/GitHub/dilithium-hp-hw/src/keccak_engine/keccak_core.sv Line: 47
    Info (15718): Pin "input_data_i[16]" is virtual input pin File: D:/GitHub/dilithium-hp-hw/src/keccak_engine/keccak_core.sv Line: 47
    Info (15718): Pin "input_data_i[17]" is virtual input pin File: D:/GitHub/dilithium-hp-hw/src/keccak_engine/keccak_core.sv Line: 47
    Info (15718): Pin "input_data_i[18]" is virtual input pin File: D:/GitHub/dilithium-hp-hw/src/keccak_engine/keccak_core.sv Line: 47
    Info (15718): Pin "input_data_i[19]" is virtual input pin File: D:/GitHub/dilithium-hp-hw/src/keccak_engine/keccak_core.sv Line: 47
    Info (15718): Pin "input_data_i[20]" is virtual input pin File: D:/GitHub/dilithium-hp-hw/src/keccak_engine/keccak_core.sv Line: 47
    Info (15718): Pin "input_data_i[21]" is virtual input pin File: D:/GitHub/dilithium-hp-hw/src/keccak_engine/keccak_core.sv Line: 47
    Info (15718): Pin "input_data_i[22]" is virtual input pin File: D:/GitHub/dilithium-hp-hw/src/keccak_engine/keccak_core.sv Line: 47
    Info (15718): Pin "input_data_i[23]" is virtual input pin File: D:/GitHub/dilithium-hp-hw/src/keccak_engine/keccak_core.sv Line: 47
    Info (15718): Pin "input_data_i[24]" is virtual input pin File: D:/GitHub/dilithium-hp-hw/src/keccak_engine/keccak_core.sv Line: 47
    Info (15718): Pin "input_data_i[25]" is virtual input pin File: D:/GitHub/dilithium-hp-hw/src/keccak_engine/keccak_core.sv Line: 47
    Info (15718): Pin "input_data_i[26]" is virtual input pin File: D:/GitHub/dilithium-hp-hw/src/keccak_engine/keccak_core.sv Line: 47
    Info (15718): Pin "input_data_i[27]" is virtual input pin File: D:/GitHub/dilithium-hp-hw/src/keccak_engine/keccak_core.sv Line: 47
    Info (15718): Pin "input_data_i[28]" is virtual input pin File: D:/GitHub/dilithium-hp-hw/src/keccak_engine/keccak_core.sv Line: 47
    Info (15718): Pin "input_data_i[29]" is virtual input pin File: D:/GitHub/dilithium-hp-hw/src/keccak_engine/keccak_core.sv Line: 47
    Info (15718): Pin "input_data_i[30]" is virtual input pin File: D:/GitHub/dilithium-hp-hw/src/keccak_engine/keccak_core.sv Line: 47
    Info (15718): Pin "input_data_i[31]" is virtual input pin File: D:/GitHub/dilithium-hp-hw/src/keccak_engine/keccak_core.sv Line: 47
    Info (15718): Pin "input_data_i[32]" is virtual input pin File: D:/GitHub/dilithium-hp-hw/src/keccak_engine/keccak_core.sv Line: 47
    Info (15718): Pin "input_data_i[33]" is virtual input pin File: D:/GitHub/dilithium-hp-hw/src/keccak_engine/keccak_core.sv Line: 47
    Info (15718): Pin "input_data_i[34]" is virtual input pin File: D:/GitHub/dilithium-hp-hw/src/keccak_engine/keccak_core.sv Line: 47
    Info (15718): Pin "input_data_i[35]" is virtual input pin File: D:/GitHub/dilithium-hp-hw/src/keccak_engine/keccak_core.sv Line: 47
    Info (15718): Pin "input_data_i[36]" is virtual input pin File: D:/GitHub/dilithium-hp-hw/src/keccak_engine/keccak_core.sv Line: 47
    Info (15718): Pin "input_data_i[37]" is virtual input pin File: D:/GitHub/dilithium-hp-hw/src/keccak_engine/keccak_core.sv Line: 47
    Info (15718): Pin "input_data_i[38]" is virtual input pin File: D:/GitHub/dilithium-hp-hw/src/keccak_engine/keccak_core.sv Line: 47
    Info (15718): Pin "input_data_i[39]" is virtual input pin File: D:/GitHub/dilithium-hp-hw/src/keccak_engine/keccak_core.sv Line: 47
    Info (15718): Pin "input_data_i[40]" is virtual input pin File: D:/GitHub/dilithium-hp-hw/src/keccak_engine/keccak_core.sv Line: 47
    Info (15718): Pin "input_data_i[41]" is virtual input pin File: D:/GitHub/dilithium-hp-hw/src/keccak_engine/keccak_core.sv Line: 47
    Info (15718): Pin "input_data_i[42]" is virtual input pin File: D:/GitHub/dilithium-hp-hw/src/keccak_engine/keccak_core.sv Line: 47
    Info (15718): Pin "input_data_i[43]" is virtual input pin File: D:/GitHub/dilithium-hp-hw/src/keccak_engine/keccak_core.sv Line: 47
    Info (15718): Pin "input_data_i[44]" is virtual input pin File: D:/GitHub/dilithium-hp-hw/src/keccak_engine/keccak_core.sv Line: 47
    Info (15718): Pin "input_data_i[45]" is virtual input pin File: D:/GitHub/dilithium-hp-hw/src/keccak_engine/keccak_core.sv Line: 47
    Info (15718): Pin "input_data_i[46]" is virtual input pin File: D:/GitHub/dilithium-hp-hw/src/keccak_engine/keccak_core.sv Line: 47
    Info (15718): Pin "input_data_i[47]" is virtual input pin File: D:/GitHub/dilithium-hp-hw/src/keccak_engine/keccak_core.sv Line: 47
    Info (15718): Pin "input_data_i[48]" is virtual input pin File: D:/GitHub/dilithium-hp-hw/src/keccak_engine/keccak_core.sv Line: 47
    Info (15718): Pin "input_data_i[49]" is virtual input pin File: D:/GitHub/dilithium-hp-hw/src/keccak_engine/keccak_core.sv Line: 47
    Info (15718): Pin "input_data_i[50]" is virtual input pin File: D:/GitHub/dilithium-hp-hw/src/keccak_engine/keccak_core.sv Line: 47
    Info (15718): Pin "input_data_i[51]" is virtual input pin File: D:/GitHub/dilithium-hp-hw/src/keccak_engine/keccak_core.sv Line: 47
    Info (15718): Pin "input_data_i[52]" is virtual input pin File: D:/GitHub/dilithium-hp-hw/src/keccak_engine/keccak_core.sv Line: 47
    Info (15718): Pin "input_data_i[53]" is virtual input pin File: D:/GitHub/dilithium-hp-hw/src/keccak_engine/keccak_core.sv Line: 47
    Info (15718): Pin "input_data_i[54]" is virtual input pin File: D:/GitHub/dilithium-hp-hw/src/keccak_engine/keccak_core.sv Line: 47
    Info (15718): Pin "input_data_i[55]" is virtual input pin File: D:/GitHub/dilithium-hp-hw/src/keccak_engine/keccak_core.sv Line: 47
    Info (15718): Pin "input_data_i[56]" is virtual input pin File: D:/GitHub/dilithium-hp-hw/src/keccak_engine/keccak_core.sv Line: 47
    Info (15718): Pin "input_data_i[57]" is virtual input pin File: D:/GitHub/dilithium-hp-hw/src/keccak_engine/keccak_core.sv Line: 47
    Info (15718): Pin "input_data_i[58]" is virtual input pin File: D:/GitHub/dilithium-hp-hw/src/keccak_engine/keccak_core.sv Line: 47
    Info (15718): Pin "input_data_i[59]" is virtual input pin File: D:/GitHub/dilithium-hp-hw/src/keccak_engine/keccak_core.sv Line: 47
    Info (15718): Pin "input_data_i[60]" is virtual input pin File: D:/GitHub/dilithium-hp-hw/src/keccak_engine/keccak_core.sv Line: 47
    Info (15718): Pin "input_data_i[61]" is virtual input pin File: D:/GitHub/dilithium-hp-hw/src/keccak_engine/keccak_core.sv Line: 47
    Info (15718): Pin "input_data_i[62]" is virtual input pin File: D:/GitHub/dilithium-hp-hw/src/keccak_engine/keccak_core.sv Line: 47
    Info (15718): Pin "input_data_i[63]" is virtual input pin File: D:/GitHub/dilithium-hp-hw/src/keccak_engine/keccak_core.sv Line: 47
    Info (15718): Pin "keccak_mode_i[0]" is virtual input pin File: D:/GitHub/dilithium-hp-hw/src/keccak_engine/keccak_core.sv Line: 40
Info (21057): Implemented 5274 device resources after synthesis - the final resource count might be different
    Info (21058): Implemented 1 input pins
    Info (21059): Implemented 0 output pins
    Info (21061): Implemented 5273 logic cells
Info: Quartus Prime Analysis & Synthesis was successful. 0 errors, 0 warnings
    Info: Peak virtual memory: 4906 megabytes
    Info: Processing ended: Mon Sep 14 21:59:19 2026
    Info: Elapsed time: 00:00:30
    Info: Total CPU time (on all processors): 00:00:49


