------------------------------------------------------------
Timing Analyzer Summary
------------------------------------------------------------

Type  : Slow 1100mV 85C Model Setup 'clk'
Slack : -1.827
TNS   : -1573.552

Type  : Slow 1100mV 85C Model Hold 'clk'
Slack : 0.469
TNS   : 0.000

Type  : Slow 1100mV 85C Model Minimum Pulse Width 'clk'
Slack : 1.709
TNS   : 0.000

Type  : Slow 1100mV 0C Model Setup 'clk'
Slack : -1.707
TNS   : -1410.580

Type  : Slow 1100mV 0C Model Hold 'clk'
Slack : 0.483
TNS   : 0.000

Type  : Slow 1100mV 0C Model Minimum Pulse Width 'clk'
Slack : 1.558
TNS   : 0.000

Type  : Fast 1100mV 85C Model Setup 'clk'
Slack : 1.494
TNS   : 0.000

Type  : Fast 1100mV 85C Model Hold 'clk'
Slack : 0.177
TNS   : 0.000

Type  : Fast 1100mV 85C Model Minimum Pulse Width 'clk'
Slack : 1.914
TNS   : 0.000

Type  : Fast 1100mV 0C Model Setup 'clk'
Slack : 1.902
TNS   : 0.000

Type  : Fast 1100mV 0C Model Hold 'clk'
Slack : 0.168
TNS   : 0.000

Type  : Fast 1100mV 0C Model Minimum Pulse Width 'clk'
Slack : 1.914
TNS   : 0.000

------------------------------------------------------------
