------------------------------------------------------------
Timing Analyzer Summary
------------------------------------------------------------

Type  : Slow 1100mV 85C Model Setup 'clk'
Slack : -1.667
TNS   : -1426.885

Type  : Slow 1100mV 85C Model Hold 'clk'
Slack : 0.467
TNS   : 0.000

Type  : Slow 1100mV 85C Model Minimum Pulse Width 'clk'
Slack : 1.731
TNS   : 0.000

Type  : Slow 1100mV 0C Model Setup 'clk'
Slack : -1.710
TNS   : -1260.611

Type  : Slow 1100mV 0C Model Hold 'clk'
Slack : 0.480
TNS   : 0.000

Type  : Slow 1100mV 0C Model Minimum Pulse Width 'clk'
Slack : 1.595
TNS   : 0.000

Type  : Fast 1100mV 85C Model Setup 'clk'
Slack : 1.398
TNS   : 0.000

Type  : Fast 1100mV 85C Model Hold 'clk'
Slack : 0.178
TNS   : 0.000

Type  : Fast 1100mV 85C Model Minimum Pulse Width 'clk'
Slack : 1.910
TNS   : 0.000

Type  : Fast 1100mV 0C Model Setup 'clk'
Slack : 1.823
TNS   : 0.000

Type  : Fast 1100mV 0C Model Hold 'clk'
Slack : 0.169
TNS   : 0.000

Type  : Fast 1100mV 0C Model Minimum Pulse Width 'clk'
Slack : 1.908
TNS   : 0.000

------------------------------------------------------------
