------------------------------------------------------------
Timing Analyzer Summary
------------------------------------------------------------

Type  : Slow 1100mV 85C Model Setup 'clk'
Slack : -1.760
TNS   : -1518.577

Type  : Slow 1100mV 85C Model Hold 'clk'
Slack : 0.472
TNS   : 0.000

Type  : Slow 1100mV 85C Model Minimum Pulse Width 'clk'
Slack : 1.734
TNS   : 0.000

Type  : Slow 1100mV 0C Model Setup 'clk'
Slack : -1.624
TNS   : -1349.249

Type  : Slow 1100mV 0C Model Hold 'clk'
Slack : 0.486
TNS   : 0.000

Type  : Slow 1100mV 0C Model Minimum Pulse Width 'clk'
Slack : 1.601
TNS   : 0.000

Type  : Fast 1100mV 85C Model Setup 'clk'
Slack : 1.539
TNS   : 0.000

Type  : Fast 1100mV 85C Model Hold 'clk'
Slack : 0.178
TNS   : 0.000

Type  : Fast 1100mV 85C Model Minimum Pulse Width 'clk'
Slack : 1.909
TNS   : 0.000

Type  : Fast 1100mV 0C Model Setup 'clk'
Slack : 1.935
TNS   : 0.000

Type  : Fast 1100mV 0C Model Hold 'clk'
Slack : 0.168
TNS   : 0.000

Type  : Fast 1100mV 0C Model Minimum Pulse Width 'clk'
Slack : 1.907
TNS   : 0.000

------------------------------------------------------------
