------------------------------------------------------------
Timing Analyzer Summary
------------------------------------------------------------

Type  : Slow 1100mV 85C Model Setup 'clk'
Slack : -0.414
TNS   : -22.498

Type  : Slow 1100mV 85C Model Hold 'clk'
Slack : 0.465
TNS   : 0.000

Type  : Slow 1100mV 85C Model Minimum Pulse Width 'clk'
Slack : 1.720
TNS   : 0.000

Type  : Slow 1100mV 0C Model Setup 'clk'
Slack : -0.442
TNS   : -16.894

Type  : Slow 1100mV 0C Model Hold 'clk'
Slack : 0.475
TNS   : 0.000

Type  : Slow 1100mV 0C Model Minimum Pulse Width 'clk'
Slack : 1.587
TNS   : 0.000

Type  : Fast 1100mV 85C Model Setup 'clk'
Slack : 2.154
TNS   : 0.000

Type  : Fast 1100mV 85C Model Hold 'clk'
Slack : 0.176
TNS   : 0.000

Type  : Fast 1100mV 85C Model Minimum Pulse Width 'clk'
Slack : 1.914
TNS   : 0.000

Type  : Fast 1100mV 0C Model Setup 'clk'
Slack : 2.521
TNS   : 0.000

Type  : Fast 1100mV 0C Model Hold 'clk'
Slack : 0.167
TNS   : 0.000

Type  : Fast 1100mV 0C Model Minimum Pulse Width 'clk'
Slack : 1.912
TNS   : 0.000

------------------------------------------------------------
