------------------------------------------------------------
Timing Analyzer Summary
------------------------------------------------------------

Type  : Slow 1100mV 85C Model Setup 'clk'
Slack : 0.418
TNS   : 0.000

Type  : Slow 1100mV 85C Model Hold 'clk'
Slack : 0.492
TNS   : 0.000

Type  : Slow 1100mV 85C Model Minimum Pulse Width 'clk'
Slack : 2.934
TNS   : 0.000

Type  : Slow 1100mV 0C Model Setup 'clk'
Slack : 0.493
TNS   : 0.000

Type  : Slow 1100mV 0C Model Hold 'clk'
Slack : 0.512
TNS   : 0.000

Type  : Slow 1100mV 0C Model Minimum Pulse Width 'clk'
Slack : 2.802
TNS   : 0.000

Type  : Fast 1100mV 85C Model Setup 'clk'
Slack : 3.816
TNS   : 0.000

Type  : Fast 1100mV 85C Model Hold 'clk'
Slack : 0.178
TNS   : 0.000

Type  : Fast 1100mV 85C Model Minimum Pulse Width 'clk'
Slack : 3.111
TNS   : 0.000

Type  : Fast 1100mV 0C Model Setup 'clk'
Slack : 4.216
TNS   : 0.000

Type  : Fast 1100mV 0C Model Hold 'clk'
Slack : 0.168
TNS   : 0.000

Type  : Fast 1100mV 0C Model Minimum Pulse Width 'clk'
Slack : 3.113
TNS   : 0.000

------------------------------------------------------------
