------------------------------------------------------------
Timing Analyzer Summary
------------------------------------------------------------

Type  : Slow 1100mV 85C Model Setup 'clk'
Slack : 0.157
TNS   : 0.000

Type  : Slow 1100mV 85C Model Hold 'clk'
Slack : 0.494
TNS   : 0.000

Type  : Slow 1100mV 85C Model Minimum Pulse Width 'clk'
Slack : 2.933
TNS   : 0.000

Type  : Slow 1100mV 0C Model Setup 'clk'
Slack : 0.148
TNS   : 0.000

Type  : Slow 1100mV 0C Model Hold 'clk'
Slack : 0.511
TNS   : 0.000

Type  : Slow 1100mV 0C Model Minimum Pulse Width 'clk'
Slack : 2.798
TNS   : 0.000

Type  : Fast 1100mV 85C Model Setup 'clk'
Slack : 3.470
TNS   : 0.000

Type  : Fast 1100mV 85C Model Hold 'clk'
Slack : 0.178
TNS   : 0.000

Type  : Fast 1100mV 85C Model Minimum Pulse Width 'clk'
Slack : 3.113
TNS   : 0.000

Type  : Fast 1100mV 0C Model Setup 'clk'
Slack : 3.959
TNS   : 0.000

Type  : Fast 1100mV 0C Model Hold 'clk'
Slack : 0.169
TNS   : 0.000

Type  : Fast 1100mV 0C Model Minimum Pulse Width 'clk'
Slack : 3.111
TNS   : 0.000

------------------------------------------------------------
