------------------------------------------------------------
Timing Analyzer Summary
------------------------------------------------------------

Type  : Slow 1100mV 85C Model Setup 'clk'
Slack : -0.658
TNS   : -121.862

Type  : Slow 1100mV 85C Model Hold 'clk'
Slack : 0.466
TNS   : 0.000

Type  : Slow 1100mV 85C Model Minimum Pulse Width 'clk'
Slack : 1.728
TNS   : 0.000

Type  : Slow 1100mV 0C Model Setup 'clk'
Slack : -0.684
TNS   : -42.118

Type  : Slow 1100mV 0C Model Hold 'clk'
Slack : 0.462
TNS   : 0.000

Type  : Slow 1100mV 0C Model Minimum Pulse Width 'clk'
Slack : 1.595
TNS   : 0.000

Type  : Fast 1100mV 85C Model Setup 'clk'
Slack : 2.122
TNS   : 0.000

Type  : Fast 1100mV 85C Model Hold 'clk'
Slack : 0.177
TNS   : 0.000

Type  : Fast 1100mV 85C Model Minimum Pulse Width 'clk'
Slack : 1.909
TNS   : 0.000

Type  : Fast 1100mV 0C Model Setup 'clk'
Slack : 2.428
TNS   : 0.000

Type  : Fast 1100mV 0C Model Hold 'clk'
Slack : 0.168
TNS   : 0.000

Type  : Fast 1100mV 0C Model Minimum Pulse Width 'clk'
Slack : 1.907
TNS   : 0.000

------------------------------------------------------------
