------------------------------------------------------------
Timing Analyzer Summary
------------------------------------------------------------

Type  : Slow 1100mV 85C Model Setup 'clk'
Slack : -0.283
TNS   : -10.707

Type  : Slow 1100mV 85C Model Hold 'clk'
Slack : 0.466
TNS   : 0.000

Type  : Slow 1100mV 85C Model Minimum Pulse Width 'clk'
Slack : 1.707
TNS   : 0.000

Type  : Slow 1100mV 0C Model Setup 'clk'
Slack : -0.246
TNS   : -3.167

Type  : Slow 1100mV 0C Model Hold 'clk'
Slack : 0.466
TNS   : 0.000

Type  : Slow 1100mV 0C Model Minimum Pulse Width 'clk'
Slack : 1.561
TNS   : 0.000

Type  : Fast 1100mV 85C Model Setup 'clk'
Slack : 2.368
TNS   : 0.000

Type  : Fast 1100mV 85C Model Hold 'clk'
Slack : 0.176
TNS   : 0.000

Type  : Fast 1100mV 85C Model Minimum Pulse Width 'clk'
Slack : 1.914
TNS   : 0.000

Type  : Fast 1100mV 0C Model Setup 'clk'
Slack : 2.642
TNS   : 0.000

Type  : Fast 1100mV 0C Model Hold 'clk'
Slack : 0.166
TNS   : 0.000

Type  : Fast 1100mV 0C Model Minimum Pulse Width 'clk'
Slack : 1.914
TNS   : 0.000

------------------------------------------------------------
