------------------------------------------------------------
Timing Analyzer Summary
------------------------------------------------------------

Type  : Slow 1100mV 85C Model Setup 'clk'
Slack : -0.354
TNS   : -9.924

Type  : Slow 1100mV 85C Model Hold 'clk'
Slack : 0.436
TNS   : 0.000

Type  : Slow 1100mV 85C Model Minimum Pulse Width 'clk'
Slack : 1.704
TNS   : 0.000

Type  : Slow 1100mV 0C Model Setup 'clk'
Slack : -0.557
TNS   : -5.356

Type  : Slow 1100mV 0C Model Hold 'clk'
Slack : 0.417
TNS   : 0.000

Type  : Slow 1100mV 0C Model Minimum Pulse Width 'clk'
Slack : 1.565
TNS   : 0.000

Type  : Fast 1100mV 85C Model Setup 'clk'
Slack : 2.345
TNS   : 0.000

Type  : Fast 1100mV 85C Model Hold 'clk'
Slack : 0.176
TNS   : 0.000

Type  : Fast 1100mV 85C Model Minimum Pulse Width 'clk'
Slack : 1.916
TNS   : 0.000

Type  : Fast 1100mV 0C Model Setup 'clk'
Slack : 2.648
TNS   : 0.000

Type  : Fast 1100mV 0C Model Hold 'clk'
Slack : 0.167
TNS   : 0.000

Type  : Fast 1100mV 0C Model Minimum Pulse Width 'clk'
Slack : 1.912
TNS   : 0.000

------------------------------------------------------------
