Flow report for keccak_performance
Sun Sep 13 04:55:18 2026
Quartus Prime Version 25.1std.0 Build 1129 10/21/2025 SC Lite Edition


---------------------
; Table of Contents ;
---------------------
  1. Legal Notice
  2. Flow Summary
  3. Flow Settings
  4. Flow Non-Default Global Settings
  5. Flow Elapsed Time
  6. Flow OS Summary
  7. Flow Log
  8. Flow Messages
  9. Flow Suppressed Messages



----------------
; Legal Notice ;
----------------
Copyright (C) 2025  Altera Corporation. All rights reserved.
Your use of Altera Corporation's design tools, logic functions 
and other software and tools, and any partner logic 
functions, and any output files from any of the foregoing 
(including device programming or simulation files), and any 
associated documentation or information are expressly subject 
to the terms and conditions of the Altera Program License 
Subscription Agreement, the Altera Quartus Prime License Agreement,
the Altera IP License Agreement, or other applicable license
agreement, including, without limitation, that your use is for
the sole purpose of programming logic devices manufactured by
Altera and sold by Altera or its authorized distributors.  Please
refer to the Altera Software License Subscription Agreements 
on the Quartus Prime software download page.



+-----------------------------------------------------------------------------------+
; Flow Summary                                                                      ;
+---------------------------------+-------------------------------------------------+
; Flow Status                     ; Successful - Sun Sep 13 04:55:04 2026           ;
; Quartus Prime Version           ; 25.1std.0 Build 1129 10/21/2025 SC Lite Edition ;
; Revision Name                   ; keccak_performance                              ;
; Top-level Entity Name           ; keccak_core                                     ;
; Family                          ; Cyclone V                                       ;
; Device                          ; 5CGXFC7C7F23C8                                  ;
; Timing Models                   ; Final                                           ;
; Logic utilization (in ALMs)     ; 3,499 / 56,480 ( 6 % )                          ;
; Total registers                 ; 1674                                            ;
; Total pins                      ; 1 / 268 ( < 1 % )                               ;
; Total virtual pins              ; 174                                             ;
; Total block memory bits         ; 0 / 7,024,640 ( 0 % )                           ;
; Total DSP Blocks                ; 0 / 156 ( 0 % )                                 ;
; Total HSSI RX PCSs              ; 0 / 6 ( 0 % )                                   ;
; Total HSSI PMA RX Deserializers ; 0 / 6 ( 0 % )                                   ;
; Total HSSI TX PCSs              ; 0 / 6 ( 0 % )                                   ;
; Total HSSI PMA TX Serializers   ; 0 / 6 ( 0 % )                                   ;
; Total PLLs                      ; 0 / 13 ( 0 % )                                  ;
; Total DLLs                      ; 0 / 4 ( 0 % )                                   ;
+---------------------------------+-------------------------------------------------+


+-----------------------------------------+
; Flow Settings                           ;
+-------------------+---------------------+
; Option            ; Setting             ;
+-------------------+---------------------+
; Start date & time ; 09/13/2026 04:51:22 ;
; Main task         ; Compilation         ;
; Revision Name     ; keccak_performance  ;
+-------------------+---------------------+


+-------------------------------------------------------------------------------------------------------------------------+
; Flow Non-Default Global Settings                                                                                        ;
+-----------------------------------------+-------------------------------+--------------------+-------------+------------+
; Assignment Name                         ; Value                         ; Default Value      ; Entity Name ; Section Id ;
+-----------------------------------------+-------------------------------+--------------------+-------------+------------+
; COMPILER_SIGNATURE_ID                   ; 1099254433159.178925708105232 ; --                 ; --          ; --         ;
; FITTER_EFFORT                           ; Standard Fit                  ; Auto Fit           ; --          ; --         ;
; MAX_CORE_JUNCTION_TEMP                  ; 85                            ; --                 ; --          ; --         ;
; MIN_CORE_JUNCTION_TEMP                  ; 0                             ; --                 ; --          ; --         ;
; NUM_PARALLEL_PROCESSORS                 ; 4                             ; --                 ; --          ; --         ;
; OPTIMIZATION_MODE                       ; High Performance Effort       ; Balanced           ; --          ; --         ;
; PHYSICAL_SYNTHESIS_COMBO_LOGIC          ; On                            ; Off                ; --          ; --         ;
; PHYSICAL_SYNTHESIS_REGISTER_DUPLICATION ; On                            ; Off                ; --          ; --         ;
; PHYSICAL_SYNTHESIS_REGISTER_RETIMING    ; On                            ; Off                ; --          ; --         ;
; PLACEMENT_EFFORT_MULTIPLIER             ; 4.0                           ; 1.0                ; --          ; --         ;
; PROJECT_OUTPUT_DIRECTORY                ; output_files                  ; --                 ; --          ; --         ;
; ROUTER_TIMING_OPTIMIZATION_LEVEL        ; MAXIMUM                       ; Normal             ; --          ; --         ;
; SEED                                    ; 5                             ; 1                  ; --          ; --         ;
; TOP_LEVEL_ENTITY                        ; keccak_core                   ; keccak_performance ; --          ; --         ;
+-----------------------------------------+-------------------------------+--------------------+-------------+------------+


+--------------------------------------------------------------------------------------------------------------------------+
; Flow Elapsed Time                                                                                                        ;
+----------------------+--------------+-------------------------+---------------------+------------------------------------+
; Module Name          ; Elapsed Time ; Average Processors Used ; Peak Virtual Memory ; Total CPU Time (on all processors) ;
+----------------------+--------------+-------------------------+---------------------+------------------------------------+
; Analysis & Synthesis ; 00:00:37     ; 1.2                     ; 4915 MB             ; 00:00:54                           ;
; Fitter               ; 00:02:52     ; 1.2                     ; 6777 MB             ; 00:06:55                           ;
; Assembler            ; 00:00:09     ; 1.0                     ; 4911 MB             ; 00:00:09                           ;
; Timing Analyzer      ; 00:00:13     ; 2.7                     ; 5292 MB             ; 00:00:32                           ;
; Total                ; 00:03:51     ; --                      ; --                  ; 00:08:30                           ;
+----------------------+--------------+-------------------------+---------------------+------------------------------------+


+------------------------------------------------------------------------------------+
; Flow OS Summary                                                                    ;
+----------------------+------------------+------------+------------+----------------+
; Module Name          ; Machine Hostname ; OS Name    ; OS Version ; Processor type ;
+----------------------+------------------+------------+------------+----------------+
; Analysis & Synthesis ; DESKTOP-NG84HF6  ; Windows 10 ; 10.0       ; x86_64         ;
; Fitter               ; DESKTOP-NG84HF6  ; Windows 10 ; 10.0       ; x86_64         ;
; Assembler            ; DESKTOP-NG84HF6  ; Windows 10 ; 10.0       ; x86_64         ;
; Timing Analyzer      ; DESKTOP-NG84HF6  ; Windows 10 ; 10.0       ; x86_64         ;
+----------------------+------------------+------------+------------+----------------+


------------
; Flow Log ;
------------
quartus_map --read_settings_files=on --write_settings_files=off keccak_performance -c keccak_performance
quartus_fit --read_settings_files=off --write_settings_files=off keccak_performance -c keccak_performance
quartus_asm --read_settings_files=off --write_settings_files=off keccak_performance -c keccak_performance
quartus_sta keccak_performance -c keccak_performance



