Flow report for mldsa_osh_keccak
Sun Sep 13 12:53:54 2026
Quartus Prime Version 25.1std.0 Build 1129 10/21/2025 SC Lite Edition


---------------------
; Table of Contents ;
---------------------
  1. Legal Notice
  2. Flow Summary
  3. Flow Settings
  4. Flow Non-Default Global Settings
  5. Flow Elapsed Time
  6. Flow OS Summary
  7. Flow Log
  8. Flow Messages
  9. Flow Suppressed Messages



----------------
; Legal Notice ;
----------------
Copyright (C) 2025  Altera Corporation. All rights reserved.
Your use of Altera Corporation's design tools, logic functions 
and other software and tools, and any partner logic 
functions, and any output files from any of the foregoing 
(including device programming or simulation files), and any 
associated documentation or information are expressly subject 
to the terms and conditions of the Altera Program License 
Subscription Agreement, the Altera Quartus Prime License Agreement,
the Altera IP License Agreement, or other applicable license
agreement, including, without limitation, that your use is for
the sole purpose of programming logic devices manufactured by
Altera and sold by Altera or its authorized distributors.  Please
refer to the Altera Software License Subscription Agreements 
on the Quartus Prime software download page.



+-----------------------------------------------------------------------------------+
; Flow Summary                                                                      ;
+---------------------------------+-------------------------------------------------+
; Flow Status                     ; Successful - Sun Sep 13 12:53:54 2026           ;
; Quartus Prime Version           ; 25.1std.0 Build 1129 10/21/2025 SC Lite Edition ;
; Revision Name                   ; mldsa_osh_keccak                                ;
; Top-level Entity Name           ; keccak_top                                      ;
; Family                          ; Cyclone V                                       ;
; Device                          ; 5CGXFC7C7F23C8                                  ;
; Timing Models                   ; Final                                           ;
; Logic utilization (in ALMs)     ; 4,251 / 56,480 ( 8 % )                          ;
; Total registers                 ; 4455                                            ;
; Total pins                      ; 1 / 268 ( < 1 % )                               ;
; Total virtual pins              ; 133                                             ;
; Total block memory bits         ; 0 / 7,024,640 ( 0 % )                           ;
; Total DSP Blocks                ; 0 / 156 ( 0 % )                                 ;
; Total HSSI RX PCSs              ; 0 / 6 ( 0 % )                                   ;
; Total HSSI PMA RX Deserializers ; 0 / 6 ( 0 % )                                   ;
; Total HSSI TX PCSs              ; 0 / 6 ( 0 % )                                   ;
; Total HSSI PMA TX Serializers   ; 0 / 6 ( 0 % )                                   ;
; Total PLLs                      ; 0 / 13 ( 0 % )                                  ;
; Total DLLs                      ; 0 / 4 ( 0 % )                                   ;
+---------------------------------+-------------------------------------------------+


+-----------------------------------------+
; Flow Settings                           ;
+-------------------+---------------------+
; Option            ; Setting             ;
+-------------------+---------------------+
; Start date & time ; 09/13/2026 12:47:52 ;
; Main task         ; Compilation         ;
; Revision Name     ; mldsa_osh_keccak    ;
+-------------------+---------------------+


+-----------------------------------------------------------------------------------------------------------------------+
; Flow Non-Default Global Settings                                                                                      ;
+-----------------------------------------+-------------------------------+------------------+-------------+------------+
; Assignment Name                         ; Value                         ; Default Value    ; Entity Name ; Section Id ;
+-----------------------------------------+-------------------------------+------------------+-------------+------------+
; COMPILER_SIGNATURE_ID                   ; 1099254433159.178928567217952 ; --               ; --          ; --         ;
; FITTER_EFFORT                           ; Standard Fit                  ; Auto Fit         ; --          ; --         ;
; MAX_CORE_JUNCTION_TEMP                  ; 85                            ; --               ; --          ; --         ;
; MIN_CORE_JUNCTION_TEMP                  ; 0                             ; --               ; --          ; --         ;
; NUM_PARALLEL_PROCESSORS                 ; 4                             ; --               ; --          ; --         ;
; OPTIMIZATION_MODE                       ; High Performance Effort       ; Balanced         ; --          ; --         ;
; PHYSICAL_SYNTHESIS_COMBO_LOGIC          ; On                            ; Off              ; --          ; --         ;
; PHYSICAL_SYNTHESIS_REGISTER_DUPLICATION ; On                            ; Off              ; --          ; --         ;
; PHYSICAL_SYNTHESIS_REGISTER_RETIMING    ; On                            ; Off              ; --          ; --         ;
; PLACEMENT_EFFORT_MULTIPLIER             ; 4.0                           ; 1.0              ; --          ; --         ;
; PROJECT_OUTPUT_DIRECTORY                ; output_files                  ; --               ; --          ; --         ;
; ROUTER_TIMING_OPTIMIZATION_LEVEL        ; MAXIMUM                       ; Normal           ; --          ; --         ;
; TOP_LEVEL_ENTITY                        ; keccak_top                    ; mldsa_osh_keccak ; --          ; --         ;
; VHDL_INPUT_VERSION                      ; VHDL_2008                     ; VHDL_1993        ; --          ; --         ;
+-----------------------------------------+-------------------------------+------------------+-------------+------------+


+--------------------------------------------------------------------------------------------------------------------------+
; Flow Elapsed Time                                                                                                        ;
+----------------------+--------------+-------------------------+---------------------+------------------------------------+
; Module Name          ; Elapsed Time ; Average Processors Used ; Peak Virtual Memory ; Total CPU Time (on all processors) ;
+----------------------+--------------+-------------------------+---------------------+------------------------------------+
; Analysis & Synthesis ; 00:00:37     ; 1.3                     ; 4959 MB             ; 00:00:54                           ;
; Fitter               ; 00:03:51     ; 1.2                     ; 6805 MB             ; 00:08:38                           ;
; Assembler            ; 00:00:10     ; 1.0                     ; 4919 MB             ; 00:00:10                           ;
; Timing Analyzer      ; 00:00:16     ; 2.7                     ; 5334 MB             ; 00:00:39                           ;
; EDA Netlist Writer   ; 00:00:03     ; 1.0                     ; 4811 MB             ; 00:00:03                           ;
; Total                ; 00:04:57     ; --                      ; --                  ; 00:10:24                           ;
+----------------------+--------------+-------------------------+---------------------+------------------------------------+


+------------------------------------------------------------------------------------+
; Flow OS Summary                                                                    ;
+----------------------+------------------+------------+------------+----------------+
; Module Name          ; Machine Hostname ; OS Name    ; OS Version ; Processor type ;
+----------------------+------------------+------------+------------+----------------+
; Analysis & Synthesis ; DESKTOP-NG84HF6  ; Windows 10 ; 10.0       ; x86_64         ;
; Fitter               ; DESKTOP-NG84HF6  ; Windows 10 ; 10.0       ; x86_64         ;
; Assembler            ; DESKTOP-NG84HF6  ; Windows 10 ; 10.0       ; x86_64         ;
; Timing Analyzer      ; DESKTOP-NG84HF6  ; Windows 10 ; 10.0       ; x86_64         ;
; EDA Netlist Writer   ; DESKTOP-NG84HF6  ; Windows 10 ; 10.0       ; x86_64         ;
+----------------------+------------------+------------+------------+----------------+


------------
; Flow Log ;
------------
quartus_map --read_settings_files=on --write_settings_files=off mldsa_osh_keccak -c mldsa_osh_keccak
quartus_fit --read_settings_files=off --write_settings_files=off mldsa_osh_keccak -c mldsa_osh_keccak
quartus_asm --read_settings_files=off --write_settings_files=off mldsa_osh_keccak -c mldsa_osh_keccak
quartus_sta mldsa_osh_keccak -c mldsa_osh_keccak
quartus_eda mldsa_osh_keccak --simulation=on --functional=on --tool=questasim --format=verilog --output_directory=simulation_postfit --read_settings_files=on --write_settings_files=off



